[  821731ms] [WARNING] [Vue warn]: Unhandled error during execution of render function 
  at <NodeStateBadge node= {achievement: Object, done: false, unlocks: Array(1), origin: null, missing: Array(1)} > 
  at <Card class="flex-row items-start gap-3 p-3" > 
  at <StepCard key=484 rank=1 node= {achievement: Object, done: false, unlocks: Array(1), origin: null, missing: Array(1)}  ... > 
  at <NextStepsScreen onVnodeUnmounted=fn<onVnodeUnmounted> ref=Ref< Proxy(Object) > > 
  at <ProgressGate key=0 > 
  at <RouterView> 
  at <TooltipProvider delayDuration=0 disableHoverableContent=false disableClosingTrigger=false  ... > 
  at <TooltipProvider> 
  at <App> @ http://localhost:5199/@vite/client:532
[  821735ms] [WARNING] [Vue warn]: Unhandled error during execution of component update 
  at <NextStepsScreen onVnodeUnmounted=fn<onVnodeUnmounted> ref=Ref< Proxy(Object) > > 
  at <ProgressGate key=0 > 
  at <RouterView> 
  at <TooltipProvider delayDuration=0 disableHoverableContent=false disableClosingTrigger=false  ... > 
  at <TooltipProvider> 
  at <App> @ http://localhost:5199/@vite/client:532
[  821741ms] [WARNING] [Vue warn]: Unhandled error during execution of render function 
  at <NodeStateBadge node= {achievement: Object, done: false, unlocks: Array(1), origin: null, missing: Array(1)} > 
  at <Card class="flex-row items-start gap-3 p-3" > 
  at <StepCard key=484 rank=1 node= {achievement: Object, done: false, unlocks: Array(1), origin: null, missing: Array(1)}  ... > 
  at <NextStepsScreen onVnodeUnmounted=fn<onVnodeUnmounted> ref=Ref< Proxy(Object) > > 
  at <ProgressGate key=0 > 
  at <RouterView> 
  at <TooltipProvider delayDuration=0 disableHoverableContent=false disableClosingTrigger=false  ... > 
  at <TooltipProvider> 
  at <App> @ http://localhost:5199/@vite/client:532
[  821741ms] [WARNING] [Vue warn]: Unhandled error during execution of component update 
  at <NextStepsScreen onVnodeUnmounted=fn<onVnodeUnmounted> ref=Ref< Proxy(Object) > > 
  at <ProgressGate key=0 > 
  at <RouterView> 
  at <TooltipProvider delayDuration=0 disableHoverableContent=false disableClosingTrigger=false  ... > 
  at <TooltipProvider> 
  at <App> @ http://localhost:5199/@vite/client:532
[  821748ms] ReferenceError: characterLabel is not defined
    at requirementName (http://localhost:5199/src/lib/graph/nodeState.ts?t=1789209684457:63:21)
    at Array.map (<anonymous>)
    at http://localhost:5199/src/lib/graph/nodeState.ts?t=1789209684457:79:19
    at Array.flatMap (<anonymous>)
    at missingGroups (http://localhost:5199/src/lib/graph/nodeState.ts?t=1789209684457:75:26)
    at ComputedRefImpl.fn (http://localhost:5199/src/components/graph/NodeStateBadge.vue?t=1789209684457:18:33)
    at refreshComputed (http://localhost:5199/node_modules/.vite/deps/vue.runtime.esm-bundler-DbSMhh7o.js?v=25947de0:594:26)
    at get value (http://localhost:5199/node_modules/.vite/deps/vue.runtime.esm-bundler-DbSMhh7o.js?v=25947de0:1579:3)
    at unref (http://localhost:5199/node_modules/.vite/deps/vue.runtime.esm-bundler-DbSMhh7o.js?v=25947de0:1424:44)
    at Object.get (http://localhost:5199/node_modules/.vite/deps/vue.runtime.esm-bundler-DbSMhh7o.js?v=25947de0:1430:63)
[  821748ms] ReferenceError: characterLabel is not defined
    at requirementName (http://localhost:5199/src/lib/graph/nodeState.ts?t=1789209684457:63:21)
    at Array.map (<anonymous>)
    at http://localhost:5199/src/lib/graph/nodeState.ts?t=1789209684457:79:19
    at Array.flatMap (<anonymous>)
    at missingGroups (http://localhost:5199/src/lib/graph/nodeState.ts?t=1789209684457:75:26)
    at ComputedRefImpl.fn (http://localhost:5199/src/components/graph/NodeStateBadge.vue?t=1789209684457:18:33)
    at refreshComputed (http://localhost:5199/node_modules/.vite/deps/vue.runtime.esm-bundler-DbSMhh7o.js?v=25947de0:594:26)
    at get value (http://localhost:5199/node_modules/.vite/deps/vue.runtime.esm-bundler-DbSMhh7o.js?v=25947de0:1579:3)
    at unref (http://localhost:5199/node_modules/.vite/deps/vue.runtime.esm-bundler-DbSMhh7o.js?v=25947de0:1424:44)
    at Object.get (http://localhost:5199/node_modules/.vite/deps/vue.runtime.esm-bundler-DbSMhh7o.js?v=25947de0:1430:63)
[  827310ms] [WARNING] [Vue warn]: Unhandled error during execution of scheduler flush 
  at <ProgressGate key=0 > 
  at <RouterView> 
  at <TooltipProvider delayDuration=0 disableHoverableContent=false disableClosingTrigger=false  ... > 
  at <TooltipProvider> 
  at <App> @ http://localhost:5199/@vite/client:532
[  827312ms] TypeError: Cannot destructure property 'type' of 'vnode' as it is null.
    at unmount (http://localhost:5199/node_modules/.vite/deps/vue.runtime.esm-bundler-DbSMhh7o.js?v=25947de0:6003:11)
    at unmountComponent (http://localhost:5199/node_modules/.vite/deps/vue.runtime.esm-bundler-DbSMhh7o.js?v=25947de0:6081:4)
    at unmount (http://localhost:5199/node_modules/.vite/deps/vue.runtime.esm-bundler-DbSMhh7o.js?v=25947de0:6019:22)
    at unmountChildren (http://localhost:5199/node_modules/.vite/deps/vue.runtime.esm-bundler-DbSMhh7o.js?v=25947de0:6090:49)
    at unmount (http://localhost:5199/node_modules/.vite/deps/vue.runtime.esm-bundler-DbSMhh7o.js?v=25947de0:6028:83)
    at unmountChildren (http://localhost:5199/node_modules/.vite/deps/vue.runtime.esm-bundler-DbSMhh7o.js?v=25947de0:6090:49)
    at unmount (http://localhost:5199/node_modules/.vite/deps/vue.runtime.esm-bundler-DbSMhh7o.js?v=25947de0:6028:83)
    at unmountChildren (http://localhost:5199/node_modules/.vite/deps/vue.runtime.esm-bundler-DbSMhh7o.js?v=25947de0:6090:49)
    at unmount (http://localhost:5199/node_modules/.vite/deps/vue.runtime.esm-bundler-DbSMhh7o.js?v=25947de0:6027:116)
    at unmountComponent (http://localhost:5199/node_modules/.vite/deps/vue.runtime.esm-bundler-DbSMhh7o.js?v=25947de0:6081:4)
[ 1021868ms] [ERROR] TypeError: Cannot read properties of null (reading 'exposed')
    at getComponentPublicInstance (http://localhost:5199/node_modules/.vite/deps/vue.runtime.esm-bundler-DbSMhh7o.js?v=25947de0:7076:15)
    at setRef (http://localhost:5199/node_modules/.vite/deps/vue.runtime.esm-bundler-DbSMhh7o.js?v=25947de0:2995:41)
    at unmount (http://localhost:5199/node_modules/.vite/deps/vue.runtime.esm-bundler-DbSMhh7o.js?v=25947de0:6007:4)
    at unmountChildren (http://localhost:5199/node_modules/.vite/deps/vue.runtime.esm-bundler-DbSMhh7o.js?v=25947de0:6090:49)
    at unmount (http://localhost:5199/node_modules/.vite/deps/vue.runtime.esm-bundler-DbSMhh7o.js?v=25947de0:6028:83)
    at unmountChildren (http://localhost:5199/node_modules/.vite/deps/vue.runtime.esm-bundler-DbSMhh7o.js?v=25947de0:6090:49)
    at unmount (http://localhost:5199/node_modules/.vite/deps/vue.runtime.esm-bundler-DbSMhh7o.js?v=25947de0:6027:116)
    at unmountComponent (http://localhost:5199/node_modules/.vite/deps/vue.runtime.esm-bundler-DbSMhh7o.js?v=25947de0:6081:4)
    at unmount (http://localhost:5199/node_modules/.vite/deps/vue.runtime.esm-bundler-DbSMhh7o.js?v=25947de0:6019:22)
    at unmountComponent (http://localhost:5199/node_modules/.vite/deps/vue.runtime.esm-bundler-DbSMhh7o.js?v=25947de0:6081:4) @ http://localhost:5199/@vite/client:532
[ 1021868ms] [WARNING] [HMR] Something went wrong during Vue component hot-reload. Full reload required. @ http://localhost:5199/@vite/client:532
