[     693ms] [WARNING] graph fixture: the design pack's unlock.json predates the character's tainted flag; every character reads as its base form @ http://localhost:5199/@vite/client:532
[  155164ms] [WARNING] graph fixture: the design pack's unlock.json predates the character's tainted flag; every character reads as its base form @ http://localhost:5199/@vite/client:532
[  767905ms] [ERROR] Failed to load resource: the server responded with a status of 404 (Not Found) @ http://localhost:5199/src/screens/unlock/unlockLayout.ts?t=1789211319094:0
[  767906ms] [ERROR] [vite] Failed to reload /src/screens/unlock/UnlockTable.vue. This could be due to syntax errors or importing non-existent modules. (see errors above) @ http://localhost:5199/@vite/client:532
[  767928ms] [ERROR] Failed to load resource: the server responded with a status of 404 (Not Found) @ http://localhost:5199/src/screens/collection/collectionLayout.ts?t=1789211319096:0
[  767928ms] [ERROR] [vite] Failed to reload /src/screens/collection/CollectionTable.vue. This could be due to syntax errors or importing non-existent modules. (see errors above) @ http://localhost:5199/@vite/client:532
[  767936ms] [ERROR] Failed to load resource: the server responded with a status of 404 (Not Found) @ http://localhost:5199/src/screens/wiki/wikiLayout.ts?t=1789211319097:0
[  767936ms] [ERROR] [vite] Failed to reload /src/screens/wiki/WikiCategoryList.vue. This could be due to syntax errors or importing non-existent modules. (see errors above) @ http://localhost:5199/@vite/client:532
[  791897ms] [ERROR] [vite] Failed to reload /src/screens/CollectionScreen.vue. This could be due to syntax errors or importing non-existent modules. (see errors above) @ http://localhost:5199/@vite/client:532
[  791900ms] [ERROR] [vite] Failed to reload /src/screens/UnlockScreen.vue. This could be due to syntax errors or importing non-existent modules. (see errors above) @ http://localhost:5199/@vite/client:532
[  791913ms] [ERROR] [vite] Failed to reload /src/screens/wiki/WikiCategoryList.vue. This could be due to syntax errors or importing non-existent modules. (see errors above) @ http://localhost:5199/@vite/client:532
[  791913ms] [ERROR] [vite] Failed to reload /src/screens/WikiScreen.vue. This could be due to syntax errors or importing non-existent modules. (see errors above) @ http://localhost:5199/@vite/client:532
[  861248ms] [WARNING] graph fixture: the design pack's unlock.json predates the character's tainted flag; every character reads as its base form @ http://localhost:5199/@vite/client:532
[  873230ms] [WARNING] graph fixture: the design pack's unlock.json predates the character's tainted flag; every character reads as its base form @ http://localhost:5199/@vite/client:532
[  879602ms] [WARNING] graph fixture: the design pack's unlock.json predates the character's tainted flag; every character reads as its base form @ http://localhost:5199/@vite/client:532
[  887751ms] [WARNING] graph fixture: the design pack's unlock.json predates the character's tainted flag; every character reads as its base form @ http://localhost:5199/@vite/client:532
[  891324ms] [WARNING] graph fixture: the design pack's unlock.json predates the character's tainted flag; every character reads as its base form @ http://localhost:5199/@vite/client:532
[  898123ms] [WARNING] [Vue warn]: Unhandled error during execution of setup function 
  at <App> @ http://localhost:5199/@vite/client:532
[  898123ms] [ERROR] ReferenceError: useSettingsStore is not defined
    at setup (http://localhost:5199/src/App.vue?t=1789211449300:77:20)
    at callWithErrorHandling (http://localhost:5199/node_modules/.vite/deps/vue.runtime.esm-bundler-DbSMhh7o.js?v=dd739d00:1936:17)
    at setupStatefulComponent (http://localhost:5199/node_modules/.vite/deps/vue.runtime.esm-bundler-DbSMhh7o.js?v=dd739d00:6944:23)
    at setupComponent (http://localhost:5199/node_modules/.vite/deps/vue.runtime.esm-bundler-DbSMhh7o.js?v=dd739d00:6920:35)
    at mountComponent (http://localhost:5199/node_modules/.vite/deps/vue.runtime.esm-bundler-DbSMhh7o.js?v=dd739d00:5684:3)
    at processComponent (http://localhost:5199/node_modules/.vite/deps/vue.runtime.esm-bundler-DbSMhh7o.js?v=dd739d00:5674:9)
    at patch (http://localhost:5199/node_modules/.vite/deps/vue.runtime.esm-bundler-DbSMhh7o.js?v=dd739d00:5464:28)
    at render (http://localhost:5199/node_modules/.vite/deps/vue.runtime.esm-bundler-DbSMhh7o.js?v=dd739d00:6107:10)
    at context.reload (http://localhost:5199/node_modules/.vite/deps/vue.runtime.esm-bundler-DbSMhh7o.js?v=dd739d00:4676:7)
    at reload (http://localhost:5199/node_modules/.vite/deps/vue.runtime.esm-bundler-DbSMhh7o.js?v=dd739d00:2195:60) @ http://localhost:5199/@vite/client:532
[  898123ms] [WARNING] [HMR] Something went wrong during Vue component hot-reload. Full reload required. @ http://localhost:5199/@vite/client:532
[  906516ms] [ERROR] TypeError: Cannot read properties of null (reading 'nextSibling')
    at nextSibling (http://localhost:5199/node_modules/.vite/deps/vue.runtime.esm-bundler-DbSMhh7o.js?v=dd739d00:7373:30)
    at removeFragment (http://localhost:5199/node_modules/.vite/deps/vue.runtime.esm-bundler-DbSMhh7o.js?v=dd739d00:6066:11)
    at remove (http://localhost:5199/node_modules/.vite/deps/vue.runtime.esm-bundler-DbSMhh7o.js?v=dd739d00:6045:9)
    at unmount (http://localhost:5199/node_modules/.vite/deps/vue.runtime.esm-bundler-DbSMhh7o.js?v=dd739d00:6029:18)
    at Object.remove (http://localhost:5199/node_modules/.vite/deps/vue.runtime.esm-bundler-DbSMhh7o.js?v=dd739d00:2618:4)
    at unmount (http://localhost:5199/node_modules/.vite/deps/vue.runtime.esm-bundler-DbSMhh7o.js?v=dd739d00:6026:35)
    at unmountComponent (http://localhost:5199/node_modules/.vite/deps/vue.runtime.esm-bundler-DbSMhh7o.js?v=dd739d00:6081:4)
    at unmount (http://localhost:5199/node_modules/.vite/deps/vue.runtime.esm-bundler-DbSMhh7o.js?v=dd739d00:6019:22)
    at unmountComponent (http://localhost:5199/node_modules/.vite/deps/vue.runtime.esm-bundler-DbSMhh7o.js?v=dd739d00:6081:4)
    at unmount (http://localhost:5199/node_modules/.vite/deps/vue.runtime.esm-bundler-DbSMhh7o.js?v=dd739d00:6019:22) @ http://localhost:5199/@vite/client:532
[  906516ms] [WARNING] [HMR] Something went wrong during Vue component hot-reload. Full reload required. @ http://localhost:5199/@vite/client:532
[  907820ms] [ERROR] TypeError: Cannot read properties of null (reading 'nextSibling')
    at nextSibling (http://localhost:5199/node_modules/.vite/deps/vue.runtime.esm-bundler-DbSMhh7o.js?v=dd739d00:7373:30)
    at removeFragment (http://localhost:5199/node_modules/.vite/deps/vue.runtime.esm-bundler-DbSMhh7o.js?v=dd739d00:6066:11)
    at remove (http://localhost:5199/node_modules/.vite/deps/vue.runtime.esm-bundler-DbSMhh7o.js?v=dd739d00:6045:9)
    at unmount (http://localhost:5199/node_modules/.vite/deps/vue.runtime.esm-bundler-DbSMhh7o.js?v=dd739d00:6029:18)
    at Object.remove (http://localhost:5199/node_modules/.vite/deps/vue.runtime.esm-bundler-DbSMhh7o.js?v=dd739d00:2618:4)
    at unmount (http://localhost:5199/node_modules/.vite/deps/vue.runtime.esm-bundler-DbSMhh7o.js?v=dd739d00:6026:35)
    at unmountComponent (http://localhost:5199/node_modules/.vite/deps/vue.runtime.esm-bundler-DbSMhh7o.js?v=dd739d00:6081:4)
    at unmount (http://localhost:5199/node_modules/.vite/deps/vue.runtime.esm-bundler-DbSMhh7o.js?v=dd739d00:6019:22)
    at unmountComponent (http://localhost:5199/node_modules/.vite/deps/vue.runtime.esm-bundler-DbSMhh7o.js?v=dd739d00:6081:4)
    at unmount (http://localhost:5199/node_modules/.vite/deps/vue.runtime.esm-bundler-DbSMhh7o.js?v=dd739d00:6019:22) @ http://localhost:5199/@vite/client:532
[  907820ms] [WARNING] [HMR] Something went wrong during Vue component hot-reload. Full reload required. @ http://localhost:5199/@vite/client:532
[  919409ms] [ERROR] TypeError: Cannot read properties of null (reading 'nextSibling')
    at nextSibling (http://localhost:5199/node_modules/.vite/deps/vue.runtime.esm-bundler-DbSMhh7o.js?v=dd739d00:7373:30)
    at removeFragment (http://localhost:5199/node_modules/.vite/deps/vue.runtime.esm-bundler-DbSMhh7o.js?v=dd739d00:6066:11)
    at remove (http://localhost:5199/node_modules/.vite/deps/vue.runtime.esm-bundler-DbSMhh7o.js?v=dd739d00:6045:9)
    at unmount (http://localhost:5199/node_modules/.vite/deps/vue.runtime.esm-bundler-DbSMhh7o.js?v=dd739d00:6029:18)
    at Object.remove (http://localhost:5199/node_modules/.vite/deps/vue.runtime.esm-bundler-DbSMhh7o.js?v=dd739d00:2618:4)
    at unmount (http://localhost:5199/node_modules/.vite/deps/vue.runtime.esm-bundler-DbSMhh7o.js?v=dd739d00:6026:35)
    at unmountComponent (http://localhost:5199/node_modules/.vite/deps/vue.runtime.esm-bundler-DbSMhh7o.js?v=dd739d00:6081:4)
    at unmount (http://localhost:5199/node_modules/.vite/deps/vue.runtime.esm-bundler-DbSMhh7o.js?v=dd739d00:6019:22)
    at unmountComponent (http://localhost:5199/node_modules/.vite/deps/vue.runtime.esm-bundler-DbSMhh7o.js?v=dd739d00:6081:4)
    at unmount (http://localhost:5199/node_modules/.vite/deps/vue.runtime.esm-bundler-DbSMhh7o.js?v=dd739d00:6019:22) @ http://localhost:5199/@vite/client:532
[  919409ms] [WARNING] [HMR] Something went wrong during Vue component hot-reload. Full reload required. @ http://localhost:5199/@vite/client:532
[  928351ms] [ERROR] TypeError: Cannot read properties of null (reading 'nextSibling')
    at nextSibling (http://localhost:5199/node_modules/.vite/deps/vue.runtime.esm-bundler-DbSMhh7o.js?v=dd739d00:7373:30)
    at removeFragment (http://localhost:5199/node_modules/.vite/deps/vue.runtime.esm-bundler-DbSMhh7o.js?v=dd739d00:6066:11)
    at remove (http://localhost:5199/node_modules/.vite/deps/vue.runtime.esm-bundler-DbSMhh7o.js?v=dd739d00:6045:9)
    at unmount (http://localhost:5199/node_modules/.vite/deps/vue.runtime.esm-bundler-DbSMhh7o.js?v=dd739d00:6029:18)
    at Object.remove (http://localhost:5199/node_modules/.vite/deps/vue.runtime.esm-bundler-DbSMhh7o.js?v=dd739d00:2618:4)
    at unmount (http://localhost:5199/node_modules/.vite/deps/vue.runtime.esm-bundler-DbSMhh7o.js?v=dd739d00:6026:35)
    at unmountComponent (http://localhost:5199/node_modules/.vite/deps/vue.runtime.esm-bundler-DbSMhh7o.js?v=dd739d00:6081:4)
    at unmount (http://localhost:5199/node_modules/.vite/deps/vue.runtime.esm-bundler-DbSMhh7o.js?v=dd739d00:6019:22)
    at unmountComponent (http://localhost:5199/node_modules/.vite/deps/vue.runtime.esm-bundler-DbSMhh7o.js?v=dd739d00:6081:4)
    at unmount (http://localhost:5199/node_modules/.vite/deps/vue.runtime.esm-bundler-DbSMhh7o.js?v=dd739d00:6019:22) @ http://localhost:5199/@vite/client:532
[  928351ms] [WARNING] [HMR] Something went wrong during Vue component hot-reload. Full reload required. @ http://localhost:5199/@vite/client:532
